# using temp instance on port 61699 with PID 2088235
not ok 1     - bitmap                                     16 ms
1..1
# 1 of 1 tests failed.
# The differences that caused some tests to fail can be viewed in the file "/home/xiaolei/Code/github/everdance/bitmap/test/regression.diffs".
# A copy of the test summary that you see above is saved in the file "/home/xiaolei/Code/github/everdance/bitmap/test/regression.out".
